C51 COMPILER V9.60.0.0   FF_MS1                                                            04/28/2021 11:06:05 PAGE 1   


C51 COMPILER V9.60.0.0, COMPILATION OF MODULE FF_MS1
OBJECT MODULE PLACED IN .\Objects\FF-MS1.obj
COMPILER INVOKED BY: C:\Keil_v5\C51\BIN\C51.EXE FF-MS1.c OPTIMIZE(8,SPEED) BROWSE DEBUG OBJECTEXTEND PRINT(.\Listings\FF
                    --MS1.lst) TABS(2) OBJECT(.\Objects\FF-MS1.obj)

line level    source

   1          //-----------------------------------------------------------------------------
   2          // TP5.c
   3          //-----------------------------------------------------------------------------
   4          // AUTH: 
   5          // DATE: 
   6          //
   7          // Target: C8051F02x
   8          // Tool chain: KEIL Microvision 4
   9          //
  10          //-----------------------------------------------------------------------------
  11          #include <C8051F020.h>
  12          #include "c8051F020_SFR16.h"
  13          #include "FF-MS1_Config.h"
  14          #include "FF-MS1_Divers.h"
  15          #include <stdlib.h>
  16          
  17          sbit LED = P1^6;
  18          sbit Button = P3^7;
  19          sbit SLAVE_NSS = P0^4;
  20          int i = 0;
  21          // Prototypes de Fonctions
  22          
  23          void Transfert(char c){
  24   1        SLAVE_NSS = 0;
  25   1        SPI0DAT = c;
  26   1      }
  27          
  28          //-----------------------------------------------------------------------------
  29          //-----------------------------------------------------------------------------
  30          // MAIN Routine
  31          //-----------------------------------------------------------------------------
  32          void main (void) {
  33   1             
  34   1            int i;
  35   1        
  36   1          Init_Device();  // Appel des configurations globales
  37   1          
  38   1      // Début Insertion Code Configuration des périphériques ***********************
  39   1          EA = 1;
  40   1          LED = 0;
  41   1          SLAVE_NSS = 1;
  42   1        
  43   1      // Fin Code Initialisations ***************************************************
  44   1        
  45   1      // Début Insertion Code Phase Démarrage *************************************** 
  46   1            
  47   1            
  48   1      // Fin Code phase Démarrage ***************************************************
  49   1        
  50   1        
  51   1        while(1)
  52   1        {
  53   2          for(i = 0; i < 999; i++);
  54   2          Transfert('E');
C51 COMPILER V9.60.0.0   FF_MS1                                                            04/28/2021 11:06:05 PAGE 2   

  55   2        }
  56   1      }
  57          
  58          //-----------------------------------------------------------------------------
  59          //-----------------------------------------------------------------------------
  60          // Fonctions de configuration des divers périphériques
  61          //-----------------------------------------------------------------------------
  62          // Insérez vos fonctions de configuration ici
  63          
  64          //-----------------------------------------------------------------------------
  65          //-----------------------------------------------------------------------------
  66          // Fonctions d'interruptions
  67          //-----------------------------------------------------------------------------
  68          // Insérez vos fonctions d'interruption ici
  69          
  70          void ISR_SPI0() interrupt 6{
  71   1        SPIF = 0;
  72   1        SLAVE_NSS = 1;
  73   1      }


MODULE INFORMATION:   STATIC OVERLAYABLE
   CODE SIZE        =     40    ----
   CONSTANT SIZE    =   ----    ----
   XDATA SIZE       =   ----    ----
   PDATA SIZE       =   ----    ----
   DATA SIZE        =      2    ----
   IDATA SIZE       =   ----    ----
   BIT SIZE         =   ----    ----
END OF MODULE INFORMATION.


C51 COMPILATION COMPLETE.  0 WARNING(S),  0 ERROR(S)
