C51 COMPILER V9.60.0.0   FF_MS1_DIVERS                                                     05/19/2021 08:49:24 PAGE 1   


C51 COMPILER V9.60.0.0, COMPILATION OF MODULE FF_MS1_DIVERS
OBJECT MODULE PLACED IN .\Objects\FF-MS1_Divers.obj
COMPILER INVOKED BY: C:\Keil_v5\C51\BIN\C51.EXE FF-MS1_Divers.C OPTIMIZE(8,SPEED) BROWSE DEBUG OBJECTEXTEND PRINT(.\List
                    -ings\FF-MS1_Divers.lst) TABS(2) OBJECT(.\Objects\FF-MS1_Divers.obj)

line level    source

   1          /******************************************************************************
   2          ;   FILE NAME   : TP4_Lib_Divers.C
   3          ;   TARGET MCUs : C8051F020, 
   4          ;   DESCRIPTION : Fonctions diverses mises à disposition
   5          ;
   6          ;   REVISION 1.0
   7          ;   Ce fichier contient diverses fonctions susceptibles de vous faire gagner 
   8          ;   un peu de temps
   9          */
  10          //******************************************************************************
  11          
  12          #include "C8051F020.h"
  13          #include "c8051F020_SFR16.h"
  14          #include "FF-MS1_Divers.h"
  15          
  16          //*****************************************************************************  
  17          //*****************************************************************************  
  18          
  19          //*****************************************************************************  
  20          //*****************************************************************************  
  21          // Software_Delay -- Temporisation paramétrable
  22          //      Pour SYSCLK = 2 MHz
  23          //      Vérifiée en  simulation
  24          //      L'argument passé en exprimé en centièmes de seconde (dans l'hypothèse 
  25          //      où SYSCLK = 2MHz)
  26             


MODULE INFORMATION:   STATIC OVERLAYABLE
   CODE SIZE        =   ----    ----
   CONSTANT SIZE    =   ----    ----
   XDATA SIZE       =   ----    ----
   PDATA SIZE       =   ----    ----
   DATA SIZE        =   ----    ----
   IDATA SIZE       =   ----    ----
   BIT SIZE         =   ----    ----
END OF MODULE INFORMATION.


C51 COMPILATION COMPLETE.  0 WARNING(S),  0 ERROR(S)
